// Jest Snapshot v1, https://goo.gl/fbAQLP

exports[`renders correctly 1`] = `
<div
  style={
    Object {
      "fontFamily": "Poppins, sans-serif",
    }
  }
>
  <div
    classNames="bg py-3"
  >
    <div
      className="container py-3"
    >
      <div
        className="row mb-4"
      >
        <div
          className="col-lg-2"
        >
          <h2
            className="display-4 font-weight-light"
            style={
              Object {
                "color": "#1f2833",
              }
            }
          >
            GUIDES
          </h2>
          <span
            className="font-italic text-muted "
          >
            The torches to our Major Project Journey.
          </span>
        </div>
      </div>
      <div
        className="row text-center"
      >
        <div
          className="col-xl-3 col-sm-6 mb-5"
        >
          <div
            className="bg-white rounded shadow-sm py-5 px-4 peopleCarouselImg "
          >
            <img
              alt=""
              className="img-fluid rounded-circle mb-3 img-thumbnail shadow-sm"
              src="assets/img/avatar-mentor.png"
              width="100"
            />
            <h5
              className="mb-0"
            >
              Saju Sasidharan
            </h5>
            <span
              className="small text-uppercase text-muted"
            >
              Mentor
            </span>
            <ul
              className="social mb-0 list-inline mt-3"
            >
              <li
                className="list-inline-item"
              >
                <a
                  className="social-link"
                  href="#"
                >
                  <em
                    className="fa fa-facebook-f"
                    style={
                      Object {
                        "color": "#1f2833",
                        "fontSize": "15px",
                      }
                    }
                  />
                </a>
              </li>
              <li
                className="list-inline-item"
              >
                <a
                  className="social-link"
                  href="#"
                >
                  <em
                    className="fa fa-twitter"
                    style={
                      Object {
                        "color": "#1f2833",
                        "fontSize": "15px",
                      }
                    }
                  />
                </a>
              </li>
              <li
                className="list-inline-item"
              >
                <a
                  className="social-link"
                  href="#"
                >
                  <em
                    className="fa fa-instagram"
                    style={
                      Object {
                        "color": "#1f2833",
                        "fontSize": "15px",
                      }
                    }
                  />
                </a>
              </li>
              <li
                className="list-inline-item"
              >
                <a
                  className="social-link"
                  href="#"
                >
                  <em
                    className="fa fa-linkedin"
                    style={
                      Object {
                        "color": "#1f2833",
                        "fontSize": "15px",
                      }
                    }
                  />
                </a>
              </li>
            </ul>
          </div>
        </div>
        <div
          className="col-xl-3 col-sm-6 mb-5"
        >
          <div
            className="bg-white rounded shadow-sm py-5 px-4 peopleCarouselImg "
          >
            <img
              alt=""
              className="img-fluid rounded-circle mb-3 img-thumbnail shadow-sm"
              src="assets/img/avatar-trainer.png"
              width="100"
            />
            <h5
              className="mb-0"
            >
              Asfiya Khan
            </h5>
            <span
              className="small text-uppercase text-muted"
            >
              Trainer
            </span>
            <ul
              className="social mb-0 list-inline mt-3"
            >
              <li
                className="list-inline-item"
              >
                <a
                  className="social-link"
                  href="#"
                >
                  <em
                    className="fa fa-facebook-f"
                    style={
                      Object {
                        "color": "#1f2833",
                        "fontSize": "15px",
                      }
                    }
                  />
                </a>
              </li>
              <li
                className="list-inline-item"
              >
                <a
                  className="social-link"
                  href="#"
                >
                  <em
                    className="fa fa-twitter"
                    style={
                      Object {
                        "color": "#1f2833",
                        "fontSize": "15px",
                      }
                    }
                  />
                </a>
              </li>
              <li
                className="list-inline-item"
              >
                <a
                  className="social-link"
                  href="#"
                >
                  <em
                    className="fa fa-instagram"
                    style={
                      Object {
                        "color": "#1f2833",
                        "fontSize": "15px",
                      }
                    }
                  />
                </a>
              </li>
              <li
                className="list-inline-item"
              >
                <a
                  className="social-link"
                  href="#"
                >
                  <em
                    className="fa fa-linkedin"
                    style={
                      Object {
                        "color": "#1f2833",
                        "fontSize": "15px",
                      }
                    }
                  />
                </a>
              </li>
            </ul>
          </div>
        </div>
      </div>
    </div>
    <div
      class="container py-3"
    >
      <div
        class="row mb-4"
      >
        <div
          class="col-lg-2"
        >
          <h2
            class="display-4 font-weight-light"
            style={
              Object {
                "color": "#1f2833",
              }
            }
          >
            TEAM
          </h2>
          <span
            class="font-italic text-muted"
          >
            Together we Stand.
          </span>
        </div>
      </div>
      <div
        class="row text-center"
      >
        <div
          class="col-xl-3 col-sm-6 mb-5"
        >
          <div
            class="bg-white rounded shadow-sm py-5 px-4 peopleCarouselImg "
          >
            <img
              alt=""
              class="img-fluid rounded-circle mb-3 img-thumbnail shadow-sm"
              src="assets/img/avatar-8.jpg"
              width="100"
            />
            <h5
              class="mb-0"
            >
              Mrunal
            </h5>
            <span
              class="small text-uppercase text-muted"
            />
            <ul
              class="social mb-0 list-inline mt-3"
            >
              <li
                class="list-inline-item"
              >
                <a
                  class="social-link"
                  href="#"
                >
                  <em
                    class="fa fa-facebook-f"
                    style={
                      Object {
                        "color": "#1f2833",
                        "fontSize": "15px",
                      }
                    }
                  />
                </a>
              </li>
              <li
                class="list-inline-item"
              >
                <a
                  class="social-link"
                  href="#"
                >
                  <em
                    class="fa fa-twitter"
                    style={
                      Object {
                        "color": "#1f2833",
                        "fontSize": "15px",
                      }
                    }
                  />
                </a>
              </li>
              <li
                class="list-inline-item"
              >
                <a
                  class="social-link"
                  href="#"
                >
                  <em
                    class="fa fa-instagram"
                    style={
                      Object {
                        "color": "#1f2833",
                        "fontSize": "15px",
                      }
                    }
                  />
                </a>
              </li>
              <li
                class="list-inline-item"
              >
                <a
                  class="social-link"
                  href="#"
                >
                  <em
                    class="fa fa-linkedin"
                    style={
                      Object {
                        "color": "#1f2833",
                        "fontSize": "15px",
                      }
                    }
                  />
                </a>
              </li>
            </ul>
          </div>
        </div>
        <div
          class="col-xl-3 col-sm-6 mb-5"
        >
          <div
            class="bg-white rounded shadow-sm py-5 px-4 peopleCarouselImg "
          >
            <img
              alt=""
              class="img-fluid rounded-circle mb-3 img-thumbnail shadow-sm"
              src="assets/img/avatar-5.png"
              width="100"
            />
            <h5
              class="mb-0"
            >
              Kiran
            </h5>
            <span
              class="small text-uppercase text-muted"
            />
            <ul
              class="social mb-0 list-inline mt-3"
            >
              <li
                class="list-inline-item"
              >
                <a
                  class="social-link"
                  href="#"
                >
                  <em
                    class="fa fa-facebook-f"
                    style={
                      Object {
                        "color": "#1f2833",
                        "fontSize": "15px",
                      }
                    }
                  />
                </a>
              </li>
              <li
                class="list-inline-item"
              >
                <a
                  class="social-link"
                  href="#"
                >
                  <em
                    class="fa fa-twitter"
                    style={
                      Object {
                        "color": "#1f2833",
                        "fontSize": "15px",
                      }
                    }
                  />
                </a>
              </li>
              <li
                class="list-inline-item"
              >
                <a
                  class="social-link"
                  href="#"
                >
                  <em
                    class="fa fa-instagram"
                    style={
                      Object {
                        "color": "#1f2833",
                        "fontSize": "15px",
                      }
                    }
                  />
                </a>
              </li>
              <li
                class="list-inline-item"
              >
                <a
                  class="social-link"
                  href="#"
                >
                  <em
                    class="fa fa-linkedin"
                    style={
                      Object {
                        "color": "#1f2833",
                        "fontSize": "15px",
                      }
                    }
                  />
                </a>
              </li>
            </ul>
          </div>
        </div>
        <div
          class="col-xl-3 col-sm-6 mb-5"
        >
          <div
            class="bg-white rounded shadow-sm py-5 px-4 peopleCarouselImg "
          >
            <img
              alt=""
              class="img-fluid rounded-circle mb-3 img-thumbnail shadow-sm"
              src="assets/img/avatar-2.png"
              width="100"
            />
            <h5
              class="mb-0"
            >
              Suraj
            </h5>
            <span
              class="small text-uppercase text-muted"
            />
            <ul
              class="social mb-0 list-inline mt-3"
            >
              <li
                class="list-inline-item"
              >
                <a
                  class="social-link"
                  href="#"
                >
                  <em
                    class="fa fa-facebook-f"
                    style={
                      Object {
                        "color": "#1f2833",
                        "fontSize": "15px",
                      }
                    }
                  />
                </a>
              </li>
              <li
                class="list-inline-item"
              >
                <a
                  class="social-link"
                  href="#"
                >
                  <em
                    class="fa fa-twitter"
                    style={
                      Object {
                        "color": "#1f2833",
                        "fontSize": "15px",
                      }
                    }
                  />
                </a>
              </li>
              <li
                class="list-inline-item"
              >
                <a
                  class="social-link"
                  href="#"
                >
                  <em
                    class="fa fa-instagram"
                    style={
                      Object {
                        "color": "#1f2833",
                        "fontSize": "15px",
                      }
                    }
                  />
                </a>
              </li>
              <li
                class="list-inline-item"
              >
                <a
                  class="social-link"
                  href="#"
                >
                  <em
                    class="fa fa-linkedin"
                    style={
                      Object {
                        "color": "#1f2833",
                        "fontSize": "15px",
                      }
                    }
                  />
                </a>
              </li>
            </ul>
          </div>
        </div>
        <div
          class="col-xl-3 col-sm-6 mb-5"
        >
          <div
            class="bg-white rounded shadow-sm py-5 px-4 peopleCarouselImg "
          >
            <img
              alt=""
              class="img-fluid rounded-circle mb-3 img-thumbnail shadow-sm"
              src="assets/img/avatar-1.png"
              width="100"
            />
            <h5
              class="mb-0"
            >
              Tanmay
            </h5>
            <span
              class="small text-uppercase text-muted"
            />
            <ul
              class="social mb-0 list-inline mt-3"
            >
              <li
                class="list-inline-item"
              >
                <a
                  class="social-link"
                  href="#"
                >
                  <em
                    class="fa fa-facebook-f"
                    style={
                      Object {
                        "color": "#1f2833",
                        "fontSize": "15px",
                      }
                    }
                  />
                </a>
              </li>
              <li
                class="list-inline-item"
              >
                <a
                  class="social-link"
                  href="#"
                >
                  <em
                    class="fa fa-twitter"
                    style={
                      Object {
                        "color": "#1f2833",
                        "fontSize": "15px",
                      }
                    }
                  />
                </a>
              </li>
              <li
                class="list-inline-item"
              >
                <a
                  class="social-link"
                  href="#"
                >
                  <em
                    class="fa fa-instagram"
                    style={
                      Object {
                        "color": "#1f2833",
                        "fontSize": "15px",
                      }
                    }
                  />
                </a>
              </li>
              <li
                class="list-inline-item"
              >
                <a
                  class="social-link"
                  href="#"
                >
                  <em
                    class="fa fa-linkedin"
                    style={
                      Object {
                        "color": "#1f2833",
                        "fontSize": "15px",
                      }
                    }
                  />
                </a>
              </li>
            </ul>
          </div>
        </div>
        <div
          class="col-xl-3 col-sm-6 mb-5"
        >
          <div
            class="bg-white rounded shadow-sm py-5 px-4 peopleCarouselImg "
          >
            <img
              alt=""
              class="img-fluid rounded-circle mb-3 img-thumbnail shadow-sm"
              src="assets/img/avatar-6.png"
              width="100"
            />
            <h5
              class="mb-0"
            >
              Pranjal
            </h5>
            <span
              class="small text-uppercase text-muted"
            />
            <ul
              class="social mb-0 list-inline mt-3"
            >
              <li
                class="list-inline-item"
              >
                <a
                  class="social-link"
                  href="#"
                >
                  <em
                    class="fa fa-facebook-f"
                    style={
                      Object {
                        "color": "#1f2833",
                        "fontSize": "15px",
                      }
                    }
                  />
                </a>
              </li>
              <li
                class="list-inline-item"
              >
                <a
                  class="social-link"
                  href="#"
                >
                  <em
                    class="fa fa-twitter"
                    style={
                      Object {
                        "color": "#1f2833",
                        "fontSize": "15px",
                      }
                    }
                  />
                </a>
              </li>
              <li
                class="list-inline-item"
              >
                <a
                  class="social-link"
                  href="#"
                >
                  <em
                    class="fa fa-instagram"
                    style={
                      Object {
                        "color": "#1f2833",
                        "fontSize": "15px",
                      }
                    }
                  />
                </a>
              </li>
              <li
                class="list-inline-item"
              >
                <a
                  class="social-link"
                  href="#"
                >
                  <em
                    class="fa fa-linkedin"
                    style={
                      Object {
                        "color": "#1f2833",
                        "fontSize": "15px",
                      }
                    }
                  />
                </a>
              </li>
            </ul>
          </div>
        </div>
        <div
          class="col-xl-3 col-sm-6 mb-5"
        >
          <div
            class="bg-white rounded shadow-sm py-5 px-4 peopleCarouselImg "
          >
            <img
              alt=""
              class="img-fluid rounded-circle mb-3 img-thumbnail shadow-sm"
              src="assets/img/avatar-7.png"
              width="100"
            />
            <h5
              class="mb-0"
            >
              Qusai
            </h5>
            <span
              class="small text-uppercase text-muted"
            />
            <ul
              class="social mb-0 list-inline mt-3"
            >
              <li
                class="list-inline-item"
              >
                <a
                  class="social-link"
                  href="#"
                >
                  <em
                    class="fa fa-facebook-f"
                    style={
                      Object {
                        "color": "#1f2833",
                        "fontSize": "15px",
                      }
                    }
                  />
                </a>
              </li>
              <li
                class="list-inline-item"
              >
                <a
                  class="social-link"
                  href="#"
                >
                  <em
                    class="fa fa-twitter"
                    style={
                      Object {
                        "color": "#1f2833",
                        "fontSize": "15px",
                      }
                    }
                  />
                </a>
              </li>
              <li
                class="list-inline-item"
              >
                <a
                  class="social-link"
                  href="#"
                >
                  <em
                    class="fa fa-instagram"
                    style={
                      Object {
                        "color": "#1f2833",
                        "fontSize": "15px",
                      }
                    }
                  />
                </a>
              </li>
              <li
                class="list-inline-item"
              >
                <a
                  class="social-link"
                  href="#"
                >
                  <em
                    class="fa fa-linkedin "
                    style={
                      Object {
                        "color": "#1f2833",
                        "fontSize": "15px",
                      }
                    }
                  />
                </a>
              </li>
            </ul>
          </div>
        </div>
        <div
          class="col-xl-3 col-sm-6 mb-5"
        >
          <div
            class="bg-white rounded shadow-sm py-5 px-4 peopleCarouselImg "
          >
            <img
              alt=""
              class="img-fluid rounded-circle mb-3 img-thumbnail shadow-sm"
              src="assets/img/avatar-5.png"
              width="100"
            />
            <h5
              class="mb-0"
            >
              Varun
            </h5>
            <span
              class="small text-uppercase text-muted"
            />
            <ul
              class="social mb-0 list-inline mt-3"
            >
              <li
                class="list-inline-item"
              >
                <a
                  class="social-link"
                  href="#"
                >
                  <em
                    class="fa fa-facebook-f"
                    style={
                      Object {
                        "color": "#1f2833",
                        "fontSize": "15px",
                      }
                    }
                  />
                </a>
              </li>
              <li
                class="list-inline-item"
              >
                <a
                  class="social-link"
                  href="#"
                >
                  <em
                    class="fa fa-twitter"
                    style={
                      Object {
                        "color": "#1f2833",
                        "fontSize": "15px",
                      }
                    }
                  />
                </a>
              </li>
              <li
                class="list-inline-item"
              >
                <a
                  class="social-link"
                  href="#"
                >
                  <em
                    class="fa fa-instagram"
                    style={
                      Object {
                        "color": "#1f2833",
                        "fontSize": "15px",
                      }
                    }
                  />
                </a>
              </li>
              <li
                class="list-inline-item"
              >
                <a
                  class="social-link"
                  href="#"
                >
                  <em
                    class="fa fa-linkedin"
                    style={
                      Object {
                        "color": "#1f2833",
                        "fontSize": "15px",
                      }
                    }
                  />
                </a>
              </li>
            </ul>
          </div>
        </div>
      </div>
    </div>
  </div>
</div>
`;
